// Jest Snapshot v1, https://goo.gl/fbAQLP

exports[`Loading component should render correctly 1`] = `
<div>
  <div
    class="c-jjpTuW"
  >
    <div
      class="c-hIpGLj"
    />
    <p
      class="c-dgMvMW c-igsGei c-dgMvMW-eQRsLC-size-lg"
    >
      Carregando, aguarde...
    </p>
  </div>
</div>
`;
