// Jest Snapshot v1, https://goo.gl/fbAQLP

exports[`Empty Card component should render correctly 1`] = `
<div>
  <div
    class="c-dzUtkR"
  >
    <img
      alt="Imagem de carrinho vazio"
      src="empty-cart.png"
    />
    <p
      class="c-dgMvMW c-igsGei c-dgMvMW-kWyXas-size-md"
    >
      Adicione algo em seu carrinho...
    </p>
  </div>
</div>
`;
