// Jest Snapshot v1, https://goo.gl/fbAQLP

exports[`Loading component should render correctly 1`] = `
<div>
  <header
    class="c-clOfPL"
  >
    <div
      class="c-iwTvpr"
    >
      <a
        href="/"
      >
        Prompt
      </a>
      <div
        class="c-eGMMdN"
      >
        <div
          class="c-bKZIAC"
        >
          <input
            class="c-bgjSgL"
            id="search"
            placeholder="Pesquise por produtos"
            type="text"
            value=""
          />
        </div>
      </div>
      <div
        class="c-cGenGQ"
      >
        <button
          aria-label="button-redirect-login"
        >
          <svg
            fill="currentColor"
            height="1em"
            viewBox="0 0 256 256"
            width="1em"
            xmlns="http://www.w3.org/2000/svg"
          >
            <rect
              fill="none"
              height="256"
              width="256"
            />
            <circle
              cx="128"
              cy="128"
              fill="none"
              r="96"
              stroke="currentColor"
              stroke-linecap="round"
              stroke-linejoin="round"
              stroke-width="16"
            />
            <circle
              cx="128"
              cy="120"
              fill="none"
              r="40"
              stroke="currentColor"
              stroke-linecap="round"
              stroke-linejoin="round"
              stroke-width="16"
            />
            <path
              d="M63.8,199.4a72,72,0,0,1,128.4,0"
              fill="none"
              stroke="currentColor"
              stroke-linecap="round"
              stroke-linejoin="round"
              stroke-width="16"
            />
          </svg>
        </button>
        <button
          aria-label="button-toggle-sidebar"
          data-cy="button-cart"
        >
          <svg
            fill="currentColor"
            height="1em"
            viewBox="0 0 256 256"
            width="1em"
            xmlns="http://www.w3.org/2000/svg"
          >
            <rect
              fill="none"
              height="256"
              width="256"
            />
            <circle
              cx="80"
              cy="216"
              r="16"
            />
            <circle
              cx="184"
              cy="216"
              r="16"
            />
            <path
              d="M42.3,72H221.7l-26.4,92.4A15.9,15.9,0,0,1,179.9,176H84.1a15.9,15.9,0,0,1-15.4-11.6L32.5,37.8A8,8,0,0,0,24.8,32H8"
              fill="none"
              stroke="currentColor"
              stroke-linecap="round"
              stroke-linejoin="round"
              stroke-width="16"
            />
          </svg>
          <div
            class="c-egqsFx"
          >
            0
          </div>
        </button>
      </div>
    </div>
  </header>
  <main>
    <div
      class="c-cyakpB"
    >
      Test
    </div>
  </main>
  <section
    class="c-hEQxdV"
    id="sidebar"
    style="transform: translateX(100%);"
  >
    <button
      aria-label="button-close-sidebar"
      class="c-eOLtzh"
    >
      <svg
        fill="currentColor"
        height="1em"
        viewBox="0 0 256 256"
        width="1em"
        xmlns="http://www.w3.org/2000/svg"
      >
        <rect
          fill="none"
          height="256"
          width="256"
        />
        <line
          stroke="currentColor"
          stroke-linecap="round"
          stroke-linejoin="round"
          stroke-width="16"
          x1="200"
          x2="56"
          y1="56"
          y2="200"
        />
        <line
          stroke="currentColor"
          stroke-linecap="round"
          stroke-linejoin="round"
          stroke-width="16"
          x1="200"
          x2="56"
          y1="200"
          y2="56"
        />
      </svg>
    </button>
    <nav
      class="c-nMCuV"
    >
      <div
        class="c-gzevCw"
      >
        <p
          class="c-dgMvMW c-fMsmQc c-dgMvMW-eQRsLC-size-lg"
        >
          Carrinho de compras
        </p>
        <div
          class="c-jwMKId"
          id="cart-sidebar-items"
        >
          <div
            class="c-dzUtkR"
          >
            <img
              alt="Imagem de carrinho vazio"
              data-nimg="1"
              decoding="async"
              height="0"
              loading="lazy"
              sizes="100vw"
              src="/_next/image?url=%2Fempty-cart.png&w=3840&q=75"
              srcset="/_next/image?url=%2Fempty-cart.png&w=640&q=75 640w, /_next/image?url=%2Fempty-cart.png&w=750&q=75 750w, /_next/image?url=%2Fempty-cart.png&w=828&q=75 828w, /_next/image?url=%2Fempty-cart.png&w=1080&q=75 1080w, /_next/image?url=%2Fempty-cart.png&w=1200&q=75 1200w, /_next/image?url=%2Fempty-cart.png&w=1920&q=75 1920w, /_next/image?url=%2Fempty-cart.png&w=2048&q=75 2048w, /_next/image?url=%2Fempty-cart.png&w=3840&q=75 3840w"
              style="color: transparent;"
              width="0"
            />
            <p
              class="c-dgMvMW c-igsGei c-dgMvMW-kWyXas-size-md"
            >
              Adicione algo em seu carrinho...
            </p>
          </div>
        </div>
      </div>
    </nav>
  </section>
  <div
    class="Toastify"
  />
  <div />
</div>
`;
